#-----------------------------------------------------------
# Vivado v2025.1 (64-bit)
# SW Build 6140274 on Thu May 22 00:12:29 MDT 2025
# IP Build 6138677 on Thu May 22 03:10:11 MDT 2025
# SharedData Build 6139179 on Tue May 20 17:58:58 MDT 2025
# Start of session at: Tue Apr 28 18:26:30 2026
# Process ID         : 24056
# Current directory  : C:/Users/ironb/Projects/FPGA/FFT_1024_Core/FFT_1024_Core/FFT_1024_Core.runs/synth_1
# Command line       : vivado.exe -log fft_1024_core.vds -product Vivado -mode batch -messageDb vivado.pb -notrace -source fft_1024_core.tcl
# Log file           : C:/Users/ironb/Projects/FPGA/FFT_1024_Core/FFT_1024_Core/FFT_1024_Core.runs/synth_1/fft_1024_core.vds
# Journal file       : C:/Users/ironb/Projects/FPGA/FFT_1024_Core/FFT_1024_Core/FFT_1024_Core.runs/synth_1\vivado.jou
# Running On         : NicksLaptop
# Platform           : Windows Server 2016 or Windows 10
# Operating System   : 26200
# Processor Detail   : AMD Ryzen 9 8945HS w/ Radeon 780M Graphics
# CPU Frequency      : 3992 MHz
# CPU Physical cores : 8
# CPU Logical cores  : 16
# Host memory        : 16422 MB
# Swap memory        : 12884 MB
# Total Virtual      : 29306 MB
# Available Virtual  : 8429 MB
#-----------------------------------------------------------
source fft_1024_core.tcl -notrace
